#OBJECTS 194
1 0 dict keys=[Annots,Contents,MediaBox,Parent,Resources,StructParents,Tabs,Type]
2 0 stream raw=2552 decoded=10442
3 0 int
4 0 dict keys=[K,P,Pg,S,Type]
5 0 dict keys=[A,K,P,Pg,S,Type]
6 0 dict keys=[A,K,P,Pg,S,Type]
7 0 dict keys=[K,P,Pg,S,Type]
8 0 dict keys=[K,P,Pg,S,Type]
9 0 dict keys=[A,K,P,Pg,S,Type]
10 0 dict keys=[A,K,P,Pg,S,Type]
11 0 dict keys=[K,P,Pg,S,Type]
12 0 dict keys=[A,K,P,Pg,S,Type]
13 0 dict keys=[A,K,P,Pg,S,Type]
14 0 dict keys=[K,P,Pg,S,Type]
15 0 dict keys=[K,P,Pg,S,Type]
16 0 dict keys=[K,P,Pg,S,Type]
17 0 dict keys=[A,K,P,Pg,S,Type]
18 0 dict keys=[K,P,Pg,S,Type]
19 0 dict keys=[K,P,Pg,S,Type]
20 0 dict keys=[K,P,Pg,S,Type]
21 0 dict keys=[A,K,P,Pg,S,Type]
22 0 dict keys=[A,K,P,Pg,S,Type]
23 0 dict keys=[K,P,Pg,S,Type]
24 0 dict keys=[K,P,Pg,S,Type]
25 0 dict keys=[K,P,Pg,S,Type]
26 0 dict keys=[A,K,P,Pg,S,Type]
27 0 dict keys=[K,P,Pg,S,Type]
28 0 dict keys=[K,P,Pg,S,Type]
29 0 dict keys=[K,P,Pg,S,Type]
30 0 dict keys=[A,K,P,Pg,S,Type]
31 0 dict keys=[A,K,P,Pg,S,Type]
32 0 dict keys=[K,P,Pg,S,Type]
33 0 dict keys=[K,P,Pg,S,Type]
34 0 dict keys=[K,P,Pg,S,Type]
35 0 dict keys=[A,K,P,Pg,S,Type]
36 0 dict keys=[K,P,Pg,S,Type]
37 0 dict keys=[K,P,Pg,S,Type]
38 0 dict keys=[K,P,Pg,S,Type]
39 0 dict keys=[A,K,P,Pg,S,Type]
40 0 dict keys=[A,K,P,Pg,S,Type]
41 0 dict keys=[A,K,P,Pg,S,Type]
42 0 dict keys=[K,P,Pg,S,Type]
43 0 dict keys=[K,P,Pg,S,Type]
44 0 dict keys=[K,P,Pg,S,Type]
45 0 dict keys=[A,K,P,Pg,S,Type]
46 0 dict keys=[A,K,P,Pg,S,Type]
47 0 dict keys=[K,P,Pg,S,Type]
48 0 dict keys=[K,P,Pg,S,Type]
49 0 dict keys=[K,P,Pg,S,Type]
50 0 dict keys=[A,K,P,Pg,S,Type]
51 0 dict keys=[K,P,Pg,S,Type]
52 0 dict keys=[K,P,Pg,S,Type]
53 0 dict keys=[K,P,Pg,S,Type]
54 0 dict keys=[A,K,P,Pg,S,Type]
55 0 dict keys=[A,K,P,Pg,S,Type]
56 0 dict keys=[K,P,Pg,S,Type]
57 0 dict keys=[K,P,Pg,S,Type]
58 0 dict keys=[K,P,Pg,S,Type]
59 0 dict keys=[A,K,P,Pg,S,Type]
60 0 dict keys=[K,P,Pg,S,Type]
61 0 dict keys=[K,P,Pg,S,Type]
62 0 dict keys=[K,P,Pg,S,Type]
63 0 dict keys=[A,K,P,Pg,S,Type]
64 0 dict keys=[A,K,P,Pg,S,Type]
65 0 dict keys=[K,P,Pg,S,Type]
66 0 dict keys=[K,P,Pg,S,Type]
67 0 dict keys=[K,P,Pg,S,Type]
68 0 dict keys=[A,K,P,Pg,S,Type]
69 0 dict keys=[A,K,P,Pg,S,Type]
70 0 dict keys=[A,K,P,Pg,S,Type]
71 0 dict keys=[A,K,P,Pg,S,Type]
72 0 dict keys=[A,K,P,Pg,S,Type]
73 0 dict keys=[A,K,P,Pg,S,Type]
74 0 dict keys=[A,K,P,Pg,S,Type]
75 0 dict keys=[A,K,P,Pg,S,Type]
76 0 dict keys=[A,K,P,Pg,S,Type]
77 0 dict keys=[A,K,P,Pg,S,Type]
78 0 dict keys=[A,K,P,Pg,S,Type]
79 0 dict keys=[A,K,P,Pg,S,Type]
80 0 dict keys=[A,K,P,Pg,S,Type]
81 0 dict keys=[A,K,P,Pg,S,Type]
82 0 dict keys=[A,K,P,Pg,S,Type]
83 0 dict keys=[A,K,P,Pg,S,Type]
84 0 dict keys=[A,K,P,Pg,S,Type]
85 0 dict keys=[A,K,P,Pg,S,Type]
86 0 dict keys=[A,K,P,Pg,S,Type]
87 0 dict keys=[A,K,P,Pg,S,Type]
88 0 dict keys=[A,K,P,Pg,S,Type]
89 0 dict keys=[A,K,P,Pg,S,Type]
90 0 dict keys=[K,P,Pg,S,Type]
91 0 dict keys=[A,K,P,Pg,S,Type]
92 0 dict keys=[K,P,Pg,S,Type]
93 0 dict keys=[A,K,P,Pg,S,Type]
94 0 dict keys=[K,Lang,P,Pg,S,Type]
95 0 dict keys=[A,K,P,Pg,S,Type]
96 0 dict keys=[A,K,P,Pg,S,Type]
97 0 dict keys=[A,K,P,Pg,S,Type]
98 0 dict keys=[A,K,P,Pg,S,Type]
99 0 dict keys=[A,K,P,Pg,S,Type]
100 0 dict keys=[A,K,P,Pg,S,Type]
101 0 dict keys=[A,K,P,Pg,S,Type]
102 0 dict keys=[A,K,P,Pg,S,Type]
103 0 dict keys=[A,K,P,Pg,S,Type]
104 0 dict keys=[A,K,P,Pg,S,Type]
105 0 dict keys=[A,K,P,Pg,S,Type]
106 0 dict keys=[A,Alt,K,P,Pg,S,Type]
107 0 stream raw=11 decoded=3
108 0 dict keys=[A,K,P,Pg,S,Type]
109 0 dict keys=[A,K,P,Pg,S,Type]
110 0 dict keys=[A,K,P,Pg,S,Type]
111 0 dict keys=[A,K,P,Pg,S,Type]
112 0 dict keys=[A,K,P,Pg,S,Type]
113 0 dict keys=[K,P,Pg,S,Type]
114 0 dict keys=[A,ID,K,P,Pg,S,Type]
115 0 dict keys=[K,P,Pg,S,Type]
116 0 dict keys=[K,P,Pg,S,Type]
117 0 dict keys=[A,K,P,Pg,S,Type]
118 0 int
119 0 stream raw=9 decoded=1
120 0 int
121 0 dict keys=[Annots,Contents,MediaBox,Parent,Resources,StructParents,Tabs,Type]
122 0 stream raw=185 decoded=267
123 0 int
124 0 dict keys=[K,P,Pg,S,Type]
125 0 dict keys=[A,ID,K,P,Pg,S,Type]
126 0 dict keys=[K,P,Pg,S,Type]
127 0 dict keys=[K,P,Pg,S,Type]
128 0 dict keys=[A,K,P,Pg,S,Type]
129 0 dict keys=[A,Border,Rect,StructParent,Subtype,Type]
130 0 dict keys=[Border,Dest,Rect,StructParent,Subtype,Type]
131 0 dict keys=[A,Border,Rect,StructParent,Subtype,Type]
132 0 dict keys=[Border,Contents,Dest,Rect,StructParent,Subtype,Type]
133 0 dict keys=[Border,Contents,Dest,Rect,StructParent,Subtype,Type]
134 0 dict keys=[Border,Contents,Dest,Rect,StructParent,Subtype,Type]
135 0 dict keys=[Border,Contents,Dest,Rect,StructParent,Subtype,Type]
136 0 dict keys=[Count,Kids,Resources,Type]
137 0 stream raw=10309 decoded=22796
138 0 int
139 0 dict keys=[Ascent,CapHeight,Descent,Flags,FontBBox,FontFile2,FontName,ItalicAngle,StemV,Type]
140 0 stream raw=259 decoded=413
141 0 dict keys=[BaseFont,FirstChar,FontDescriptor,LastChar,Subtype,ToUnicode,Type,Widths]
142 0 stream raw=993 decoded=1912
143 0 int
144 0 dict keys=[Ascent,CapHeight,Descent,Flags,FontBBox,FontFile2,FontName,ItalicAngle,StemV,Type]
145 0 stream raw=227 decoded=333
146 0 dict keys=[BaseFont,FirstChar,FontDescriptor,LastChar,Subtype,ToUnicode,Type,Widths]
147 0 stream raw=5627 decoded=18236
148 0 int
149 0 dict keys=[Ascent,CapHeight,Descent,Flags,FontBBox,FontFile2,FontName,ItalicAngle,StemV,Type]
150 0 dict keys=[BaseFont,FirstChar,FontDescriptor,LastChar,Subtype,Type,Widths]
151 0 stream raw=6186 decoded=11176
152 0 int
153 0 dict keys=[Ascent,CapHeight,Descent,Flags,FontBBox,FontFile2,FontName,ItalicAngle,StemV,Type]
154 0 stream raw=271 decoded=758
155 0 dict keys=[BaseFont,FirstChar,FontDescriptor,LastChar,Subtype,ToUnicode,Type,Widths]
156 0 stream raw=4779 decoded=8288
157 0 int
158 0 dict keys=[Ascent,CapHeight,Descent,Flags,FontBBox,FontFile2,FontName,ItalicAngle,StemV,Type]
159 0 stream raw=246 decoded=377
160 0 dict keys=[BaseFont,FirstChar,FontDescriptor,LastChar,Subtype,ToUnicode,Type,Widths]
161 0 stream raw=13736 decoded=23256
162 0 int
163 0 dict keys=[Ascent,CapHeight,Descent,Flags,FontBBox,FontFile2,FontName,ItalicAngle,StemV,Type]
164 0 stream raw=480 decoded=1038
165 0 dict keys=[BaseFont,FirstChar,FontDescriptor,LastChar,Subtype,ToUnicode,Type,Widths]
166 0 stream raw=9233 decoded=15204
167 0 int
168 0 dict keys=[Ascent,CapHeight,Descent,Flags,FontBBox,FontFile2,FontName,ItalicAngle,StemV,Type]
169 0 stream raw=366 decoded=714
170 0 dict keys=[BaseFont,FirstChar,FontDescriptor,LastChar,Subtype,ToUnicode,Type,Widths]
171 0 dict keys=[Ascent,CapHeight,Descent,Flags,FontBBox,FontName,ItalicAngle,StemV,Type]
172 0 stream raw=235 decoded=357
173 0 dict keys=[CharProcs,Encoding,FirstChar,FontBBox,FontDescriptor,FontMatrix,LastChar,Name,Resources,Subtype,ToUnicode,Type,Widths]
174 0 stream raw=646 decoded=646
175 0 stream raw=695 decoded=695
176 0 stream raw=646 decoded=646
177 0 dict keys=[Font,ProcSet]
178 0 dict keys=[F8]
179 0 dict keys=[F1,F2,F3,F4,F5,F6,F7,F8]
180 0 dict keys=[Font,ProcSet,XObject]
181 0 dict keys=[Count,First,Last]
182 0 dict keys=[Count,Dest,First,Last,Parent,Title]
183 0 dict keys=[Count,Dest,Next,Parent,Title]
184 0 dict keys=[Count,Dest,Next,Parent,Prev,Title]
185 0 dict keys=[Count,Dest,Next,Parent,Prev,Title]
186 0 dict keys=[Count,Dest,Next,Parent,Prev,Title]
187 0 dict keys=[Count,Dest,Next,Parent,Prev,Title]
188 0 dict keys=[Count,Dest,Parent,Prev,Title]
189 0 stream raw=4975 decoded=4975
190 0 dict keys=[IDTree,K,ParentTree,RoleMap,Type]
191 0 dict keys=[Nums]
192 0 dict keys=[Names]
193 0 dict keys=[Lang,MarkInfo,Metadata,OpenAction,Outlines,PageMode,Pages,StructTreeRoot,Type]
194 0 dict keys=[CreationDate,Creator,Producer]
#PAGES 2
page 1 -> 1 0
page 2 -> 121 0
